// Jest Snapshot v1, https://goo.gl/fbAQLP

exports[`rootReducer matches snapshot 1`] = `undefined`;
