// Jest Snapshot v1, https://goo.gl/fbAQLP

exports[`Card should render a card 1`] = `undefined`;
