// Jest Snapshot v1, https://goo.gl/fbAQLP

exports[`Favorites should render a card 1`] = `[Function]`;
