// Jest Snapshot v1, https://goo.gl/fbAQLP

exports[`FoodHolder matches snapshot 1`] = `undefined`;
