// Jest Snapshot v1, https://goo.gl/fbAQLP

exports[`App matches snapshot 1`] = `
ShallowWrapper {
  "length": 1,
  Symbol(enzyme.__root__): [Circular],
  Symbol(enzyme.__unrendered__): <App
    storeFood={[Function]}
/>,
  Symbol(enzyme.__renderer__): Object {
    "batchedUpdates": [Function],
    "getNode": [Function],
    "render": [Function],
    "simulateEvent": [Function],
    "unmount": [Function],
  },
  Symbol(enzyme.__node__): Object {
    "instance": null,
    "key": undefined,
    "nodeType": "host",
    "props": Object {
      "children": Array [
        <header
          className="App-header"
>
          <h1
                    className="App-title"
          >
                    SATISY
          </h1>
</header>,
        <button
          onClick={[Function]}
>
          SWEET
</button>,
        <button>
          SAVORY
</button>,
        <button>
          NUTTY
</button>,
      ],
      "className": "App",
    },
    "ref": null,
    "rendered": Array [
      Object {
        "instance": null,
        "key": undefined,
        "nodeType": "host",
        "props": Object {
          "children": <h1
            className="App-title"
>
            SATISY
</h1>,
          "className": "App-header",
        },
        "ref": null,
        "rendered": Object {
          "instance": null,
          "key": undefined,
          "nodeType": "host",
          "props": Object {
            "children": "SATISY",
            "className": "App-title",
          },
          "ref": null,
          "rendered": "SATISY",
          "type": "h1",
        },
        "type": "header",
      },
      Object {
        "instance": null,
        "key": undefined,
        "nodeType": "host",
        "props": Object {
          "children": "SWEET",
          "onClick": [Function],
        },
        "ref": null,
        "rendered": "SWEET",
        "type": "button",
      },
      Object {
        "instance": null,
        "key": undefined,
        "nodeType": "host",
        "props": Object {
          "children": "SAVORY",
        },
        "ref": null,
        "rendered": "SAVORY",
        "type": "button",
      },
      Object {
        "instance": null,
        "key": undefined,
        "nodeType": "host",
        "props": Object {
          "children": "NUTTY",
        },
        "ref": null,
        "rendered": "NUTTY",
        "type": "button",
      },
    ],
    "type": "div",
  },
  Symbol(enzyme.__nodes__): Array [
    Object {
      "instance": null,
      "key": undefined,
      "nodeType": "host",
      "props": Object {
        "children": Array [
          <header
            className="App-header"
>
            <h1
                        className="App-title"
            >
                        SATISY
            </h1>
</header>,
          <button
            onClick={[Function]}
>
            SWEET
</button>,
          <button>
            SAVORY
</button>,
          <button>
            NUTTY
</button>,
        ],
        "className": "App",
      },
      "ref": null,
      "rendered": Array [
        Object {
          "instance": null,
          "key": undefined,
          "nodeType": "host",
          "props": Object {
            "children": <h1
              className="App-title"
>
              SATISY
</h1>,
            "className": "App-header",
          },
          "ref": null,
          "rendered": Object {
            "instance": null,
            "key": undefined,
            "nodeType": "host",
            "props": Object {
              "children": "SATISY",
              "className": "App-title",
            },
            "ref": null,
            "rendered": "SATISY",
            "type": "h1",
          },
          "type": "header",
        },
        Object {
          "instance": null,
          "key": undefined,
          "nodeType": "host",
          "props": Object {
            "children": "SWEET",
            "onClick": [Function],
          },
          "ref": null,
          "rendered": "SWEET",
          "type": "button",
        },
        Object {
          "instance": null,
          "key": undefined,
          "nodeType": "host",
          "props": Object {
            "children": "SAVORY",
          },
          "ref": null,
          "rendered": "SAVORY",
          "type": "button",
        },
        Object {
          "instance": null,
          "key": undefined,
          "nodeType": "host",
          "props": Object {
            "children": "NUTTY",
          },
          "ref": null,
          "rendered": "NUTTY",
          "type": "button",
        },
      ],
      "type": "div",
    },
  ],
  Symbol(enzyme.__options__): Object {
    "adapter": ReactSixteenAdapter {
      "options": Object {
        "enableComponentDidUpdateOnSetState": true,
      },
    },
  },
}
`;
