// Jest Snapshot v1, https://goo.gl/fbAQLP

exports[`Savory should render a card 1`] = `[Function]`;
